[32m[1m       Using[0m[39m [37m[1mCliArgument("pg18")[0m[39m and `pg_config` from [36m/opt/homebrew/Cellar/postgresql@18/18.3/bin/pg_config[39m
CARGO_TARGET_DIR="/Users/geir.gronmo/projects/pg-ripple2/target" PGRX_ALL_FEATURES="false" PGRX_BUILD_PROFILE="dev" PGRX_FEATURES="pg18 pg_test" PGRX_NO_DEFAULT_FEATURES="true" PGRX_NO_SCHEMA="false" "/opt/homebrew/bin/cargo" "test" "--features" "pg18 pg_test" "--no-default-features"
   Compiling pg_ripple v0.43.0 (/Users/geir.gronmo/projects/pg-ripple2)
warning: unused import: `super::*`
   --> src/sparql/wcoj.rs:318:9
    |
318 |     use super::*;
    |         ^^^^^^^^
    |
    = note: `#[warn(unused_imports)]` (part of `#[warn(unused)]`) on by default

warning: `pg_ripple` (lib) generated 1 warning (run `cargo fix --lib -p pg_ripple` to apply 1 suggestion)
warning: unused imports: `RunConfig`, `RunReport`, `TestOutcome`, and `TestResult`
  --> tests/conformance/mod.rs:16:18
   |
16 | pub use runner::{RunConfig, RunReport, TestOutcome, TestResult};
   |                  ^^^^^^^^^  ^^^^^^^^^  ^^^^^^^^^^^  ^^^^^^^^^^
   |
   = note: `#[warn(unused_imports)]` (part of `#[warn(unused)]`) on by default

warning: trait `ClassDirName` is never used
   --> tests/watdiv_suite.rs:196:7
    |
196 | trait ClassDirName {
    |       ^^^^^^^^^^^^
    |
    = note: `#[warn(dead_code)]` (part of `#[warn(unused)]`) on by default

warning: field `class` is never read
  --> tests/watdiv/template.rs:57:9
   |
53 | pub struct WatDivQuery {
   |            ----------- field in this struct
...
57 |     pub class: TemplateClass,
   |         ^^^^^
   |
   = note: `WatDivQuery` has derived impls for the traits `Clone` and `Debug`, but these are intentionally ignored during dead code analysis

warning: field `0` is never read
  --> tests/conformance/runner.rs:53:10
   |
53 |     Skip(String),
   |     ---- ^^^^^^
   |     |
   |     field in this variant
   |
   = note: `TestOutcome` has derived impls for the traits `Clone` and `Debug`, but these are intentionally ignored during dead code analysis
help: consider changing the field to be of unit type to suppress this warning while preserving the field numbering, or remove the field
   |
53 -     Skip(String),
53 +     Skip(()),
   |

warning: field `0` is never read
  --> tests/conformance/runner.rs:57:11
   |
57 |     XFail(String),
   |     ----- ^^^^^^
   |     |
   |     field in this variant
   |
   = note: `TestOutcome` has derived impls for the traits `Clone` and `Debug`, but these are intentionally ignored during dead code analysis
help: consider changing the field to be of unit type to suppress this warning while preserving the field numbering, or remove the field
   |
57 -     XFail(String),
57 +     XFail(()),
   |

warning: field `key` is never read
  --> tests/conformance/runner.rs:76:9
   |
74 | pub struct TestResult {
   |            ---------- field in this struct
75 |     /// Unique key for this test (IRI or template ID).
76 |     pub key: String,
   |         ^^^
   |
   = note: `TestResult` has derived impls for the traits `Clone` and `Debug`, but these are intentionally ignored during dead code analysis

warning: function `try_connect` is never used
  --> tests/w3c/mod.rs:50:8
   |
50 | pub fn try_connect() -> Option<postgres::Client> {
   |        ^^^^^^^^^^^
   |
   = note: `#[warn(dead_code)]` (part of `#[warn(unused)]`) on by default

warning: function `file_iri_to_path` is never used
  --> tests/w3c/mod.rs:78:8
   |
78 | pub fn file_iri_to_path(iri: &str) -> Option<PathBuf> {
   |        ^^^^^^^^^^^^^^^^

warning: field `0` is never read
  --> tests/w3c/runner.rs:46:10
   |
46 |     Skip(String),
   |     ---- ^^^^^^
   |     |
   |     field in this variant
   |
   = note: `TestOutcome` has derived impls for the traits `Clone` and `Debug`, but these are intentionally ignored during dead code analysis
help: consider changing the field to be of unit type to suppress this warning while preserving the field numbering, or remove the field
   |
46 -     Skip(String),
46 +     Skip(()),
   |

warning: field `0` is never read
  --> tests/w3c/runner.rs:50:11
   |
50 |     XFail(String),
   |     ----- ^^^^^^
   |     |
   |     field in this variant
   |
   = note: `TestOutcome` has derived impls for the traits `Clone` and `Debug`, but these are intentionally ignored during dead code analysis
help: consider changing the field to be of unit type to suppress this warning while preserving the field numbering, or remove the field
   |
50 -     XFail(String),
50 +     XFail(()),
   |

warning: field `duration_ms` is never read
  --> tests/w3c/runner.rs:70:9
   |
67 | pub struct TestResult {
   |            ---------- field in this struct
...
70 |     pub duration_ms: u64,
   |         ^^^^^^^^^^^
   |
   = note: `TestResult` has derived impls for the traits `Clone` and `Debug`, but these are intentionally ignored during dead code analysis

warning: method `is_clean` is never used
   --> tests/w3c/runner.rs:101:12
    |
 86 | impl RunReport {
    | -------------- method in this implementation
...
101 |     pub fn is_clean(&self) -> bool {
    |            ^^^^^^^^

warning: function `file_iri_to_path` is never used
  --> tests/jena/mod.rs:78:8
   |
78 | pub fn file_iri_to_path(iri: &str) -> Option<PathBuf> {
   |        ^^^^^^^^^^^^^^^^
   |
   = note: `#[warn(dead_code)]` (part of `#[warn(unused)]`) on by default

warning: fields `category`, `result_file`, `update_result_data`, and `update_result_graphs` are never read
  --> tests/jena/manifest.rs:77:9
   |
69 | pub struct JenaTestCase {
   |            ------------ fields in this struct
...
77 |     pub category: String,
   |         ^^^^^^^^
...
85 |     pub result_file: Option<PathBuf>,
   |         ^^^^^^^^^^^
86 |     /// Expected result data files for UPDATE tests.
87 |     pub update_result_data: Vec<PathBuf>,
   |         ^^^^^^^^^^^^^^^^^^
88 |     /// Expected named graph result files for UPDATE tests.
89 |     pub update_result_graphs: Vec<(String, PathBuf)>,
   |         ^^^^^^^^^^^^^^^^^^^^
   |
   = note: `JenaTestCase` has derived impls for the traits `Clone` and `Debug`, but these are intentionally ignored during dead code analysis

warning: function `load_fixtures` is never used
   --> tests/w3c/loader.rs:120:8
    |
120 | pub fn load_fixtures(
    |        ^^^^^^^^^^^^^

warning: function `load_service_data` is never used
   --> tests/w3c/loader.rs:158:8
    |
158 | pub fn load_service_data(
    |        ^^^^^^^^^^^^^^^^^

warning: `pg_ripple` (test "w3c_smoke") generated 5 warnings
warning: `pg_ripple` (test "watdiv_suite") generated 6 warnings (1 duplicate)
warning: `pg_ripple` (test "w3c_suite") generated 5 warnings (4 duplicates)
warning: `pg_ripple` (test "jena_suite") generated 8 warnings (3 duplicates) (run `cargo fix --test "jena_suite" -p pg_ripple` to apply 1 suggestion)
    Finished `test` profile [unoptimized + debuginfo] target(s) in 4.36s
     Running unittests src/lib.rs (target/debug/deps/pg_ripple-8b943aafeb2fcb13)
dyld[90482]: symbol not found in flat namespace '_CacheMemoryContext'
error: test failed, to rerun pass `--lib`

Caused by:
  process didn't exit successfully: `/Users/geir.gronmo/projects/pg-ripple2/target/debug/deps/pg_ripple-8b943aafeb2fcb13` (signal: 6, SIGABRT: process abort signal)
